// Jest Snapshot v1, https://goo.gl/fbAQLP

exports[`<Tabs /> should render Tabs component 1`] = `
<div
  class="sc-beyTiQ kSNZbW"
  data-rttabs="true"
>
  <ul
    class="react-tabs__tab-list"
    role="tablist"
  >
    <li
      aria-controls="panel:r0:0"
      aria-disabled="false"
      aria-selected="true"
      class="react-tabs__tab react-tabs__tab--selected"
      data-rttab="true"
      data-testid="tab-1"
      id="tab:r0:0"
      role="tab"
      tabindex="0"
    >
      Tab 1
    </li>
    <li
      aria-controls="panel:r0:1"
      aria-disabled="false"
      aria-selected="false"
      class="react-tabs__tab"
      data-rttab="true"
      data-testid="tab-2"
      id="tab:r0:1"
      role="tab"
    >
      Tab 2
    </li>
    <li
      aria-controls="panel:r0:2"
      aria-disabled="false"
      aria-selected="false"
      class="react-tabs__tab"
      data-rttab="true"
      data-testid="tab-3"
      id="tab:r0:2"
      role="tab"
    >
      Longer Tab Title 3
    </li>
  </ul>
  <div
    aria-labelledby="tab:r0:0"
    class="react-tabs__tab-panel react-tabs__tab-panel--selected"
    id="panel:r0:0"
    role="tabpanel"
  >
    <div
      data-testid="tab-1-content"
    >
      Tab 1 content
    </div>
  </div>
  <div
    aria-labelledby="tab:r0:1"
    class="react-tabs__tab-panel"
    id="panel:r0:1"
    role="tabpanel"
  />
  <div
    aria-labelledby="tab:r0:2"
    class="react-tabs__tab-panel"
    id="panel:r0:2"
    role="tabpanel"
  />
</div>
`;
