// Jest Snapshot v1, https://goo.gl/fbAQLP

exports[`<Modal /> should render Modal component 1`] = `
<div
  data-react-modal-body-trap=""
  style="position: absolute; opacity: 0;"
  tabindex="0"
/>
`;
