// Jest Snapshot v1, https://goo.gl/fbAQLP

exports[`<Playlist /> should render a Playlist component 1`] = `
<div
  class="sc-beyTiQ ifrIEx"
>
  <div>
    Playlist: 
    testPlaylistId
     Component
  </div>
</div>
`;
